V3 21
FL "C:/Users/Craig Vella/Documents/ISEProjects/Dani-I-VGA/Dani-I-VGA-TopModel.vhd" 2017/02/08.23:18:47 P.20131013
EN work/Dani_I_VGA_TopModel 1487302404 \
      FL "C:/Users/Craig Vella/Documents/ISEProjects/Dani-I-VGA/Dani-I-VGA-TopModel.vhd" \
      PB ieee/std_logic_1164 1381692176
AR work/Dani_I_VGA_TopModel/Behavioral 1487302405 \
      FL "C:/Users/Craig Vella/Documents/ISEProjects/Dani-I-VGA/Dani-I-VGA-TopModel.vhd" \
      EN work/Dani_I_VGA_TopModel 1487302404 CP pixel_clock CP imager \
      CP vga_controller
FL "C:/Users/Craig Vella/Documents/ISEProjects/Dani-I-VGA/imager.vhd" 2017/02/16.22:33:14 P.20131013
EN work/imager 1487302400 \
      FL "C:/Users/Craig Vella/Documents/ISEProjects/Dani-I-VGA/imager.vhd" \
      PB ieee/std_logic_1164 1381692176 PB ieee/NUMERIC_STD 1381692181 \
      PB ieee/STD_LOGIC_UNSIGNED 1381692179
AR work/imager/Behavioral 1487302401 \
      FL "C:/Users/Craig Vella/Documents/ISEProjects/Dani-I-VGA/imager.vhd" \
      EN work/imager 1487302400
FL "C:/Users/Craig Vella/Documents/ISEProjects/Dani-I-VGA/pixel_clock.vhd" 2017/02/06.11:51:08 P.20131013
EN work/pixel_clock 1487302398 \
      FL "C:/Users/Craig Vella/Documents/ISEProjects/Dani-I-VGA/pixel_clock.vhd" \
      PB ieee/std_logic_1164 1381692176
AR work/pixel_clock/Behavioral 1487302399 \
      FL "C:/Users/Craig Vella/Documents/ISEProjects/Dani-I-VGA/pixel_clock.vhd" \
      EN work/pixel_clock 1487302398
FL "C:/Users/Craig Vella/Documents/ISEProjects/Dani-I-VGA/Test_Image.vhd" 2017/02/02.22:09:37 P.20131013
EN work/Test_Image 1486091383 \
      FL "C:/Users/Craig Vella/Documents/ISEProjects/Dani-I-VGA/Test_Image.vhd" \
      PB ieee/std_logic_1164 1381692176 PB ieee/NUMERIC_STD 1381692181
AR work/Test_Image/Behavioral 1486091384 \
      FL "C:/Users/Craig Vella/Documents/ISEProjects/Dani-I-VGA/Test_Image.vhd" \
      EN work/Test_Image 1486091383
FL "C:/Users/Craig Vella/Documents/ISEProjects/Dani-I-VGA/vga_commands.vhd" 2017/02/06.11:28:04 P.20131013
EN work/vga_commands 1486398585 \
      FL "C:/Users/Craig Vella/Documents/ISEProjects/Dani-I-VGA/vga_commands.vhd" \
      PB ieee/std_logic_1164 1381692176
AR work/vga_commands/Behavioral 1486398586 \
      FL "C:/Users/Craig Vella/Documents/ISEProjects/Dani-I-VGA/vga_commands.vhd" \
      EN work/vga_commands 1486398585
FL "C:/Users/Craig Vella/Documents/ISEProjects/Dani-I-VGA/vga_controller.vhd" 2017/02/06.21:04:19 P.20131013
EN work/vga_controller 1487302402 \
      FL "C:/Users/Craig Vella/Documents/ISEProjects/Dani-I-VGA/vga_controller.vhd" \
      PB ieee/std_logic_1164 1381692176
AR work/vga_controller/Behavioral 1487302403 \
      FL "C:/Users/Craig Vella/Documents/ISEProjects/Dani-I-VGA/vga_controller.vhd" \
      EN work/vga_controller 1487302402
